Component: ARM Compiler 5.05 update 1 (build 106) Tool: armlink [4d0efa]

==============================================================================

Section Cross References

    main.o(.text) refers to delay.o(.text) for delay_init
    main.o(.text) refers to usart.o(.text) for uart_init
    main.o(.text) refers to can1.o(.text) for CAN1_Configuration
    main.o(.text) refers to can2.o(.text) for CAN2_Configuration
    main.o(.text) refers to dbus.o(.text) for Dbus_config
    main.o(.text) refers to timer4.o(.text) for TIM4_Configuration
    main.o(.text) refers to timer7.o(.text) for TIM7_Configuration
    main.o(.text) refers to main.o(.bss) for .bss
    main.o(.text) refers to main.o(.data) for .data
    can1.o(.text) refers to stm32f4xx_rcc.o(.text) for RCC_AHB1PeriphClockCmd
    can1.o(.text) refers to stm32f4xx_gpio.o(.text) for GPIO_PinAFConfig
    can1.o(.text) refers to misc.o(.text) for NVIC_Init
    can1.o(.text) refers to stm32f4xx_can.o(.text) for CAN_DeInit
    can1.o(.text) refers to can1.o(.bss) for .bss
    can1.o(.text) refers to can1.o(.data) for .data
    can2.o(.text) refers to stm32f4xx_rcc.o(.text) for RCC_AHB1PeriphClockCmd
    can2.o(.text) refers to stm32f4xx_gpio.o(.text) for GPIO_PinAFConfig
    can2.o(.text) refers to misc.o(.text) for NVIC_Init
    can2.o(.text) refers to stm32f4xx_can.o(.text) for CAN_DeInit
    can2.o(.text) refers to can2.o(.bss) for .bss
    dbus.o(.text) refers to stm32f4xx_rcc.o(.text) for RCC_AHB1PeriphClockCmd
    dbus.o(.text) refers to stm32f4xx_gpio.o(.text) for GPIO_PinAFConfig
    dbus.o(.text) refers to stm32f4xx_usart.o(.text) for USART_DeInit
    dbus.o(.text) refers to misc.o(.text) for NVIC_Init
    dbus.o(.text) refers to stm32f4xx_dma.o(.text) for DMA_DeInit
    dbus.o(.text) refers to dbus.o(.bss) for .bss
    dbus.o(.text) refers to timer4.o(.data) for time4_now
    dbus.o(.text) refers to dbus.o(.data) for .data
    led.o(.text) refers to stm32f4xx_rcc.o(.text) for RCC_AHB1PeriphClockCmd
    led.o(.text) refers to stm32f4xx_gpio.o(.text) for GPIO_Init
    timer3.o(.text) refers to stm32f4xx_rcc.o(.text) for RCC_APB1PeriphClockCmd
    timer3.o(.text) refers to misc.o(.text) for NVIC_Init
    timer3.o(.text) refers to stm32f4xx_tim.o(.text) for TIM_TimeBaseInit
    timer4.o(.text) refers to stm32f4xx_rcc.o(.text) for RCC_APB1PeriphClockCmd
    timer4.o(.text) refers to misc.o(.text) for NVIC_Init
    timer4.o(.text) refers to stm32f4xx_tim.o(.text) for TIM_TimeBaseInit
    timer4.o(.text) refers to timer4.o(.data) for .data
    timer4.o(.text) refers to dbus.o(.data) for dbus_time
    timer4.o(.text) refers to control.o(.bss) for chassis_data_order
    timer7.o(.text) refers to stm32f4xx_rcc.o(.text) for RCC_APB1PeriphClockCmd
    timer7.o(.text) refers to misc.o(.text) for NVIC_Init
    timer7.o(.text) refers to stm32f4xx_tim.o(.text) for TIM_TimeBaseInit
    timer7.o(.text) refers to control.o(.text) for chassiscontrol
    timer7.o(.text) refers to chassispid.o(.text) for PidCalc
    timer7.o(.text) refers to can2.o(.bss) for motordata
    timer7.o(.text) refers to chassispid.o(.data) for chassispid
    timer7.o(.text) refers to can1.o(.data) for UpDownPlatform_Motor
    timer7.o(.text) refers to chassispid.o(.data) for updownplatformpid
    timer7.o(.text) refers to control.o(.bss) for chassis_data_order
    timer7.o(.text) refers to control.o(.data) for updownplatform_data_order
    timer7.o(.text) refers to main.o(.bss) for chassis_data
    timer7.o(.text) refers to main.o(.data) for UpDownPlatform_data
    usart.o(.text) refers to stm32f4xx_rcc.o(.text) for RCC_AHB1PeriphClockCmd
    usart.o(.text) refers to stm32f4xx_gpio.o(.text) for GPIO_PinAFConfig
    usart.o(.text) refers to stm32f4xx_usart.o(.text) for USART_Init
    usart.o(.text) refers to misc.o(.text) for NVIC_Init
    usart.o(.text) refers to usart.o(.data) for .data
    usart.o(.text) refers to usart.o(.bss) for .bss
    delay.o(.text) refers to misc.o(.text) for SysTick_CLKSourceConfig
    delay.o(.text) refers to delay.o(.data) for .data
    startup_stm32f4xx.o(RESET) refers to startup_stm32f4xx.o(STACK) for __initial_sp
    startup_stm32f4xx.o(RESET) refers to startup_stm32f4xx.o(.text) for Reset_Handler
    startup_stm32f4xx.o(RESET) refers to stm32f4xx_it.o(.text) for NMI_Handler
    startup_stm32f4xx.o(RESET) refers to can1.o(.text) for CAN1_TX_IRQHandler
    startup_stm32f4xx.o(RESET) refers to timer3.o(.text) for TIM3_IRQHandler
    startup_stm32f4xx.o(RESET) refers to timer4.o(.text) for TIM4_IRQHandler
    startup_stm32f4xx.o(RESET) refers to usart.o(.text) for USART3_IRQHandler
    startup_stm32f4xx.o(RESET) refers to timer7.o(.text) for TIM7_IRQHandler
    startup_stm32f4xx.o(RESET) refers to dbus.o(.text) for DMA2_Stream2_IRQHandler
    startup_stm32f4xx.o(RESET) refers to can2.o(.text) for CAN2_TX_IRQHandler
    startup_stm32f4xx.o(.text) refers to system_stm32f4xx.o(.text) for SystemInit
    startup_stm32f4xx.o(.text) refers to entry.o(.ARM.Collect$$$$00000000) for __main
    stm32f4xx_adc.o(.text) refers to stm32f4xx_rcc.o(.text) for RCC_APB2PeriphResetCmd
    stm32f4xx_can.o(.text) refers to stm32f4xx_rcc.o(.text) for RCC_APB1PeriphResetCmd
    stm32f4xx_dac.o(.text) refers to stm32f4xx_rcc.o(.text) for RCC_APB1PeriphResetCmd
    stm32f4xx_gpio.o(.text) refers to stm32f4xx_rcc.o(.text) for RCC_AHB1PeriphResetCmd
    stm32f4xx_pwr.o(.text) refers to stm32f4xx_rcc.o(.text) for RCC_APB1PeriphResetCmd
    stm32f4xx_rcc.o(.text) refers to stm32f4xx_rcc.o(.data) for .data
    stm32f4xx_spi.o(.text) refers to stm32f4xx_rcc.o(.text) for RCC_APB2PeriphResetCmd
    stm32f4xx_syscfg.o(.text) refers to stm32f4xx_rcc.o(.text) for RCC_APB2PeriphResetCmd
    stm32f4xx_tim.o(.text) refers to stm32f4xx_rcc.o(.text) for RCC_APB2PeriphResetCmd
    stm32f4xx_usart.o(.text) refers to stm32f4xx_rcc.o(.text) for RCC_APB2PeriphResetCmd
    system_stm32f4xx.o(.text) refers to system_stm32f4xx.o(.data) for .data
    stm32f4xx_i2c.o(.text) refers to stm32f4xx_rcc.o(.text) for RCC_APB1PeriphResetCmd
    chassispid.o(.text) refers to f2d.o(.text) for __aeabi_f2d
    chassispid.o(.text) refers to dadd.o(.text) for __aeabi_drsub
    chassispid.o(.text) refers to dmul.o(.text) for __aeabi_dmul
    chassispid.o(.text) refers to d2f.o(.text) for __aeabi_d2f
    chassispid.o(.text) refers to ddiv.o(.text) for __aeabi_ddiv
    chassispid.o(.data) refers to chassispid.o(.text) for PidCalc
    chassispid.o(.data) refers to chassispid.o(.text) for PidCalc
    control.o(.text) refers to dbus.o(.data) for updown_order
    control.o(.text) refers to control.o(.data) for .data
    control.o(.text) refers to control.o(.bss) for .bss
    entry.o(.ARM.Collect$$$$00000000) refers (Special) to entry10a.o(.ARM.Collect$$$$0000000D) for __rt_final_cpp
    entry.o(.ARM.Collect$$$$00000000) refers (Special) to entry11a.o(.ARM.Collect$$$$0000000F) for __rt_final_exit
    entry.o(.ARM.Collect$$$$00000000) refers (Special) to entry7b.o(.ARM.Collect$$$$00000008) for _main_clock
    entry.o(.ARM.Collect$$$$00000000) refers (Special) to entry8b.o(.ARM.Collect$$$$0000000A) for _main_cpp_init
    entry.o(.ARM.Collect$$$$00000000) refers (Special) to entry9a.o(.ARM.Collect$$$$0000000B) for _main_init
    entry.o(.ARM.Collect$$$$00000000) refers (Special) to entry5.o(.ARM.Collect$$$$00000004) for _main_scatterload
    entry.o(.ARM.Collect$$$$00000000) refers (Special) to entry2.o(.ARM.Collect$$$$00000001) for _main_stk
    dadd.o(.text) refers (Special) to iusefp.o(.text) for __I$use$fp
    dadd.o(.text) refers to llshl.o(.text) for __aeabi_llsl
    dadd.o(.text) refers to llsshr.o(.text) for __aeabi_lasr
    dadd.o(.text) refers to depilogue.o(.text) for _double_epilogue
    dmul.o(.text) refers (Special) to iusefp.o(.text) for __I$use$fp
    dmul.o(.text) refers to depilogue.o(.text) for _double_epilogue
    ddiv.o(.text) refers (Special) to iusefp.o(.text) for __I$use$fp
    ddiv.o(.text) refers to depilogue.o(.text) for _double_round
    f2d.o(.text) refers (Special) to iusefp.o(.text) for __I$use$fp
    d2f.o(.text) refers (Special) to iusefp.o(.text) for __I$use$fp
    d2f.o(.text) refers to fepilogue.o(.text) for _float_round
    entry2.o(.ARM.Collect$$$$00000001) refers to entry2.o(.ARM.Collect$$$$00002712) for __lit__00000000
    entry2.o(.ARM.Collect$$$$00002712) refers to startup_stm32f4xx.o(STACK) for __initial_sp
    entry2.o(__vectab_stack_and_reset_area) refers to startup_stm32f4xx.o(STACK) for __initial_sp
    entry2.o(__vectab_stack_and_reset_area) refers to entry.o(.ARM.Collect$$$$00000000) for __main
    entry5.o(.ARM.Collect$$$$00000004) refers to init.o(.text) for __scatterload
    entry9a.o(.ARM.Collect$$$$0000000B) refers to main.o(.text) for main
    entry9b.o(.ARM.Collect$$$$0000000C) refers to main.o(.text) for main
    depilogue.o(.text) refers to llshl.o(.text) for __aeabi_llsl
    depilogue.o(.text) refers to llushr.o(.text) for __aeabi_llsr
    init.o(.text) refers to entry5.o(.ARM.Collect$$$$00000004) for __main_after_scatterload


==============================================================================

Removing Unused input sections from the image.

    Removing main.o(.rev16_text), (4 bytes).
    Removing main.o(.revsh_text), (4 bytes).
    Removing can1.o(.rev16_text), (4 bytes).
    Removing can1.o(.revsh_text), (4 bytes).
    Removing can2.o(.rev16_text), (4 bytes).
    Removing can2.o(.revsh_text), (4 bytes).
    Removing dbus.o(.rev16_text), (4 bytes).
    Removing dbus.o(.revsh_text), (4 bytes).
    Removing dbus.o(.data), (8 bytes).
    Removing dbus.o(.data), (4 bytes).
    Removing led.o(.rev16_text), (4 bytes).
    Removing led.o(.revsh_text), (4 bytes).
    Removing led.o(.text), (64 bytes).
    Removing timer3.o(.rev16_text), (4 bytes).
    Removing timer3.o(.revsh_text), (4 bytes).
    Removing timer4.o(.rev16_text), (4 bytes).
    Removing timer4.o(.revsh_text), (4 bytes).
    Removing timer7.o(.rev16_text), (4 bytes).
    Removing timer7.o(.revsh_text), (4 bytes).
    Removing timer7.o(.data), (4 bytes).
    Removing usart.o(.rev16_text), (4 bytes).
    Removing usart.o(.revsh_text), (4 bytes).
    Removing usart.o(.bss), (28 bytes).
    Removing sys.o(.rev16_text), (4 bytes).
    Removing sys.o(.revsh_text), (4 bytes).
    Removing sys.o(.emb_text), (16 bytes).
    Removing delay.o(.rev16_text), (4 bytes).
    Removing delay.o(.revsh_text), (4 bytes).
    Removing startup_stm32f4xx.o(HEAP), (512 bytes).
    Removing stm32f4xx_it.o(.rev16_text), (4 bytes).
    Removing stm32f4xx_it.o(.revsh_text), (4 bytes).
    Removing misc.o(.rev16_text), (4 bytes).
    Removing misc.o(.revsh_text), (4 bytes).
    Removing stm32f4xx_adc.o(.rev16_text), (4 bytes).
    Removing stm32f4xx_adc.o(.revsh_text), (4 bytes).
    Removing stm32f4xx_adc.o(.text), (928 bytes).
    Removing stm32f4xx_can.o(.rev16_text), (4 bytes).
    Removing stm32f4xx_can.o(.revsh_text), (4 bytes).
    Removing stm32f4xx_crc.o(.rev16_text), (4 bytes).
    Removing stm32f4xx_crc.o(.revsh_text), (4 bytes).
    Removing stm32f4xx_crc.o(.text), (64 bytes).
    Removing stm32f4xx_dac.o(.rev16_text), (4 bytes).
    Removing stm32f4xx_dac.o(.revsh_text), (4 bytes).
    Removing stm32f4xx_dac.o(.text), (380 bytes).
    Removing stm32f4xx_dma.o(.rev16_text), (4 bytes).
    Removing stm32f4xx_dma.o(.revsh_text), (4 bytes).
    Removing stm32f4xx_exti.o(.rev16_text), (4 bytes).
    Removing stm32f4xx_exti.o(.revsh_text), (4 bytes).
    Removing stm32f4xx_exti.o(.text), (236 bytes).
    Removing stm32f4xx_flash.o(.rev16_text), (4 bytes).
    Removing stm32f4xx_flash.o(.revsh_text), (4 bytes).
    Removing stm32f4xx_flash.o(.text), (940 bytes).
    Removing stm32f4xx_gpio.o(.rev16_text), (4 bytes).
    Removing stm32f4xx_gpio.o(.revsh_text), (4 bytes).
    Removing stm32f4xx_pwr.o(.rev16_text), (4 bytes).
    Removing stm32f4xx_pwr.o(.revsh_text), (4 bytes).
    Removing stm32f4xx_pwr.o(.text), (212 bytes).
    Removing stm32f4xx_rcc.o(.rev16_text), (4 bytes).
    Removing stm32f4xx_rcc.o(.revsh_text), (4 bytes).
    Removing stm32f4xx_spi.o(.rev16_text), (4 bytes).
    Removing stm32f4xx_spi.o(.revsh_text), (4 bytes).
    Removing stm32f4xx_spi.o(.text), (820 bytes).
    Removing stm32f4xx_syscfg.o(.rev16_text), (4 bytes).
    Removing stm32f4xx_syscfg.o(.revsh_text), (4 bytes).
    Removing stm32f4xx_syscfg.o(.text), (112 bytes).
    Removing stm32f4xx_tim.o(.rev16_text), (4 bytes).
    Removing stm32f4xx_tim.o(.revsh_text), (4 bytes).
    Removing stm32f4xx_usart.o(.rev16_text), (4 bytes).
    Removing stm32f4xx_usart.o(.revsh_text), (4 bytes).
    Removing system_stm32f4xx.o(.rev16_text), (4 bytes).
    Removing system_stm32f4xx.o(.revsh_text), (4 bytes).
    Removing stm32f4xx_i2c.o(.rev16_text), (4 bytes).
    Removing stm32f4xx_i2c.o(.revsh_text), (4 bytes).
    Removing stm32f4xx_i2c.o(.text), (952 bytes).
    Removing chassispid.o(.rev16_text), (4 bytes).
    Removing chassispid.o(.revsh_text), (4 bytes).
    Removing control.o(.rev16_text), (4 bytes).
    Removing control.o(.revsh_text), (4 bytes).

78 unused section(s) (total 5528 bytes) removed from the image.

==============================================================================

Image Symbol Table

    Local Symbols

    Symbol Name                              Value     Ov Type        Size  Object(Section)

    ../clib/../cmprslib/zerorunl2.c          0x00000000   Number         0  __dczerorl2.o ABSOLUTE
    ../clib/microlib/init/entry.s            0x00000000   Number         0  entry10a.o ABSOLUTE
    ../clib/microlib/init/entry.s            0x00000000   Number         0  entry11a.o ABSOLUTE
    ../clib/microlib/init/entry.s            0x00000000   Number         0  entry9b.o ABSOLUTE
    ../clib/microlib/init/entry.s            0x00000000   Number         0  entry10b.o ABSOLUTE
    ../clib/microlib/init/entry.s            0x00000000   Number         0  entry9a.o ABSOLUTE
    ../clib/microlib/init/entry.s            0x00000000   Number         0  entry7b.o ABSOLUTE
    ../clib/microlib/init/entry.s            0x00000000   Number         0  entry2.o ABSOLUTE
    ../clib/microlib/init/entry.s            0x00000000   Number         0  entry11b.o ABSOLUTE
    ../clib/microlib/init/entry.s            0x00000000   Number         0  entry8b.o ABSOLUTE
    ../clib/microlib/init/entry.s            0x00000000   Number         0  entry8a.o ABSOLUTE
    ../clib/microlib/init/entry.s            0x00000000   Number         0  entry7a.o ABSOLUTE
    ../clib/microlib/init/entry.s            0x00000000   Number         0  entry5.o ABSOLUTE
    ../clib/microlib/init/entry.s            0x00000000   Number         0  entry.o ABSOLUTE
    ../clib/microlib/longlong.c              0x00000000   Number         0  llushr.o ABSOLUTE
    ../clib/microlib/longlong.c              0x00000000   Number         0  llshl.o ABSOLUTE
    ../clib/microlib/longlong.c              0x00000000   Number         0  llsshr.o ABSOLUTE
    ../clib/microlib/stubs.s                 0x00000000   Number         0  iusefp.o ABSOLUTE
    ../fplib/microlib/d2f.c                  0x00000000   Number         0  d2f.o ABSOLUTE
    ../fplib/microlib/f2d.c                  0x00000000   Number         0  f2d.o ABSOLUTE
    ../fplib/microlib/fpadd.c                0x00000000   Number         0  dadd.o ABSOLUTE
    ../fplib/microlib/fpdiv.c                0x00000000   Number         0  ddiv.o ABSOLUTE
    ../fplib/microlib/fpepilogue.c           0x00000000   Number         0  fepilogue.o ABSOLUTE
    ../fplib/microlib/fpepilogue.c           0x00000000   Number         0  depilogue.o ABSOLUTE
    ../fplib/microlib/fpmul.c                0x00000000   Number         0  dmul.o ABSOLUTE
    APP\Control.c                            0x00000000   Number         0  control.o ABSOLUTE
    APP\\Control.c                           0x00000000   Number         0  control.o ABSOLUTE
    APP\\chassispid.c                        0x00000000   Number         0  chassispid.o ABSOLUTE
    APP\chassispid.c                         0x00000000   Number         0  chassispid.o ABSOLUTE
    BSP\Dbus.c                               0x00000000   Number         0  dbus.o ABSOLUTE
    BSP\\Dbus.c                              0x00000000   Number         0  dbus.o ABSOLUTE
    BSP\\can1.c                              0x00000000   Number         0  can1.o ABSOLUTE
    BSP\\can2.c                              0x00000000   Number         0  can2.o ABSOLUTE
    BSP\\delay\\delay.c                      0x00000000   Number         0  delay.o ABSOLUTE
    BSP\\led.c                               0x00000000   Number         0  led.o ABSOLUTE
    BSP\\sys\\sys.c                          0x00000000   Number         0  sys.o ABSOLUTE
    BSP\\timer3.c                            0x00000000   Number         0  timer3.o ABSOLUTE
    BSP\\timer4.c                            0x00000000   Number         0  timer4.o ABSOLUTE
    BSP\\timer7.c                            0x00000000   Number         0  timer7.o ABSOLUTE
    BSP\\usart\\usart.c                      0x00000000   Number         0  usart.o ABSOLUTE
    BSP\can1.c                               0x00000000   Number         0  can1.o ABSOLUTE
    BSP\can2.c                               0x00000000   Number         0  can2.o ABSOLUTE
    BSP\delay\delay.c                        0x00000000   Number         0  delay.o ABSOLUTE
    BSP\led.c                                0x00000000   Number         0  led.o ABSOLUTE
    BSP\sys\sys.c                            0x00000000   Number         0  sys.o ABSOLUTE
    BSP\timer3.c                             0x00000000   Number         0  timer3.o ABSOLUTE
    BSP\timer4.c                             0x00000000   Number         0  timer4.o ABSOLUTE
    BSP\timer7.c                             0x00000000   Number         0  timer7.o ABSOLUTE
    BSP\usart\usart.c                        0x00000000   Number         0  usart.o ABSOLUTE
    STLibraries\\misc.c                      0x00000000   Number         0  misc.o ABSOLUTE
    STLibraries\\stm32f4xx_adc.c             0x00000000   Number         0  stm32f4xx_adc.o ABSOLUTE
    STLibraries\\stm32f4xx_can.c             0x00000000   Number         0  stm32f4xx_can.o ABSOLUTE
    STLibraries\\stm32f4xx_crc.c             0x00000000   Number         0  stm32f4xx_crc.o ABSOLUTE
    STLibraries\\stm32f4xx_dac.c             0x00000000   Number         0  stm32f4xx_dac.o ABSOLUTE
    STLibraries\\stm32f4xx_dma.c             0x00000000   Number         0  stm32f4xx_dma.o ABSOLUTE
    STLibraries\\stm32f4xx_exti.c            0x00000000   Number         0  stm32f4xx_exti.o ABSOLUTE
    STLibraries\\stm32f4xx_flash.c           0x00000000   Number         0  stm32f4xx_flash.o ABSOLUTE
    STLibraries\\stm32f4xx_gpio.c            0x00000000   Number         0  stm32f4xx_gpio.o ABSOLUTE
    STLibraries\\stm32f4xx_i2c.c             0x00000000   Number         0  stm32f4xx_i2c.o ABSOLUTE
    STLibraries\\stm32f4xx_pwr.c             0x00000000   Number         0  stm32f4xx_pwr.o ABSOLUTE
    STLibraries\\stm32f4xx_rcc.c             0x00000000   Number         0  stm32f4xx_rcc.o ABSOLUTE
    STLibraries\\stm32f4xx_spi.c             0x00000000   Number         0  stm32f4xx_spi.o ABSOLUTE
    STLibraries\\stm32f4xx_syscfg.c          0x00000000   Number         0  stm32f4xx_syscfg.o ABSOLUTE
    STLibraries\\stm32f4xx_tim.c             0x00000000   Number         0  stm32f4xx_tim.o ABSOLUTE
    STLibraries\\stm32f4xx_usart.c           0x00000000   Number         0  stm32f4xx_usart.o ABSOLUTE
    STLibraries\\system_stm32f4xx.c          0x00000000   Number         0  system_stm32f4xx.o ABSOLUTE
    STLibraries\misc.c                       0x00000000   Number         0  misc.o ABSOLUTE
    STLibraries\startup_stm32f4xx.s          0x00000000   Number         0  startup_stm32f4xx.o ABSOLUTE
    STLibraries\stm32f4xx_adc.c              0x00000000   Number         0  stm32f4xx_adc.o ABSOLUTE
    STLibraries\stm32f4xx_can.c              0x00000000   Number         0  stm32f4xx_can.o ABSOLUTE
    STLibraries\stm32f4xx_crc.c              0x00000000   Number         0  stm32f4xx_crc.o ABSOLUTE
    STLibraries\stm32f4xx_dac.c              0x00000000   Number         0  stm32f4xx_dac.o ABSOLUTE
    STLibraries\stm32f4xx_dma.c              0x00000000   Number         0  stm32f4xx_dma.o ABSOLUTE
    STLibraries\stm32f4xx_exti.c             0x00000000   Number         0  stm32f4xx_exti.o ABSOLUTE
    STLibraries\stm32f4xx_flash.c            0x00000000   Number         0  stm32f4xx_flash.o ABSOLUTE
    STLibraries\stm32f4xx_gpio.c             0x00000000   Number         0  stm32f4xx_gpio.o ABSOLUTE
    STLibraries\stm32f4xx_i2c.c              0x00000000   Number         0  stm32f4xx_i2c.o ABSOLUTE
    STLibraries\stm32f4xx_pwr.c              0x00000000   Number         0  stm32f4xx_pwr.o ABSOLUTE
    STLibraries\stm32f4xx_rcc.c              0x00000000   Number         0  stm32f4xx_rcc.o ABSOLUTE
    STLibraries\stm32f4xx_spi.c              0x00000000   Number         0  stm32f4xx_spi.o ABSOLUTE
    STLibraries\stm32f4xx_syscfg.c           0x00000000   Number         0  stm32f4xx_syscfg.o ABSOLUTE
    STLibraries\stm32f4xx_tim.c              0x00000000   Number         0  stm32f4xx_tim.o ABSOLUTE
    STLibraries\stm32f4xx_usart.c            0x00000000   Number         0  stm32f4xx_usart.o ABSOLUTE
    STLibraries\system_stm32f4xx.c           0x00000000   Number         0  system_stm32f4xx.o ABSOLUTE
    User\\main.c                             0x00000000   Number         0  main.o ABSOLUTE
    User\\stm32f4xx_it.c                     0x00000000   Number         0  stm32f4xx_it.o ABSOLUTE
    User\main.c                              0x00000000   Number         0  main.o ABSOLUTE
    User\stm32f4xx_it.c                      0x00000000   Number         0  stm32f4xx_it.o ABSOLUTE
    dc.s                                     0x00000000   Number         0  dc.o ABSOLUTE
    handlers.s                               0x00000000   Number         0  handlers.o ABSOLUTE
    init.s                                   0x00000000   Number         0  init.o ABSOLUTE
    RESET                                    0x08000000   Section      392  startup_stm32f4xx.o(RESET)
    .ARM.Collect$$$$00000000                 0x08000188   Section        0  entry.o(.ARM.Collect$$$$00000000)
    .ARM.Collect$$$$00000001                 0x08000188   Section        4  entry2.o(.ARM.Collect$$$$00000001)
    .ARM.Collect$$$$00000004                 0x0800018c   Section        4  entry5.o(.ARM.Collect$$$$00000004)
    .ARM.Collect$$$$00000008                 0x08000190   Section        0  entry7b.o(.ARM.Collect$$$$00000008)
    .ARM.Collect$$$$0000000A                 0x08000190   Section        0  entry8b.o(.ARM.Collect$$$$0000000A)
    .ARM.Collect$$$$0000000B                 0x08000190   Section        8  entry9a.o(.ARM.Collect$$$$0000000B)
    .ARM.Collect$$$$0000000D                 0x08000198   Section        0  entry10a.o(.ARM.Collect$$$$0000000D)
    .ARM.Collect$$$$0000000F                 0x08000198   Section        0  entry11a.o(.ARM.Collect$$$$0000000F)
    .ARM.Collect$$$$00002712                 0x08000198   Section        4  entry2.o(.ARM.Collect$$$$00002712)
    __lit__00000000                          0x08000198   Data           4  entry2.o(.ARM.Collect$$$$00002712)
    .text                                    0x0800019c   Section        0  main.o(.text)
    .text                                    0x08000204   Section        0  can1.o(.text)
    .text                                    0x080003f8   Section        0  can2.o(.text)
    .text                                    0x080005fc   Section        0  dbus.o(.text)
    .text                                    0x08000938   Section        0  timer3.o(.text)
    .text                                    0x080009bc   Section        0  timer4.o(.text)
    .text                                    0x08000a64   Section        0  timer7.o(.text)
    .text                                    0x08000bd0   Section        0  usart.o(.text)
    .text                                    0x08000d44   Section        0  delay.o(.text)
    .text                                    0x08000dfc   Section       36  startup_stm32f4xx.o(.text)
    $v0                                      0x08000dfc   Number         0  startup_stm32f4xx.o(.text)
    .text                                    0x08000e20   Section        0  stm32f4xx_it.o(.text)
    .text                                    0x08000e30   Section        0  misc.o(.text)
    .text                                    0x08000eec   Section        0  stm32f4xx_can.o(.text)
    CheckITStatus                            0x08001563   Thumb Code    12  stm32f4xx_can.o(.text)
    .text                                    0x080016a8   Section        0  stm32f4xx_dma.o(.text)
    .text                                    0x080019ec   Section        0  stm32f4xx_gpio.o(.text)
    .text                                    0x08001c10   Section        0  stm32f4xx_rcc.o(.text)
    .text                                    0x08002048   Section        0  stm32f4xx_tim.o(.text)
    TI4_Config                               0x080026f5   Thumb Code    54  stm32f4xx_tim.o(.text)
    TI3_Config                               0x0800273b   Thumb Code    50  stm32f4xx_tim.o(.text)
    TI2_Config                               0x08002785   Thumb Code    54  stm32f4xx_tim.o(.text)
    TI1_Config                               0x080027cb   Thumb Code    46  stm32f4xx_tim.o(.text)
    .text                                    0x08002b0c   Section        0  stm32f4xx_usart.o(.text)
    .text                                    0x08002ec0   Section        0  system_stm32f4xx.o(.text)
    SetSysClock                              0x08002ec1   Thumb Code   168  system_stm32f4xx.o(.text)
    .text                                    0x08003054   Section        0  chassispid.o(.text)
    .text                                    0x08003484   Section        0  control.o(.text)
    .text                                    0x08003608   Section        0  dadd.o(.text)
    .text                                    0x08003756   Section        0  dmul.o(.text)
    .text                                    0x0800383a   Section        0  ddiv.o(.text)
    .text                                    0x08003918   Section        0  f2d.o(.text)
    .text                                    0x0800393e   Section        0  d2f.o(.text)
    .text                                    0x08003976   Section        0  llshl.o(.text)
    .text                                    0x08003994   Section        0  llsshr.o(.text)
    .text                                    0x080039b8   Section        0  iusefp.o(.text)
    .text                                    0x080039b8   Section        0  fepilogue.o(.text)
    .text                                    0x08003a26   Section        0  depilogue.o(.text)
    .text                                    0x08003ae0   Section       36  init.o(.text)
    .text                                    0x08003b04   Section        0  llushr.o(.text)
    .text                                    0x08003b24   Section        0  __dczerorl2.o(.text)
    i.__scatterload_copy                     0x08003b7a   Section       14  handlers.o(i.__scatterload_copy)
    i.__scatterload_null                     0x08003b88   Section        2  handlers.o(i.__scatterload_null)
    i.__scatterload_zeroinit                 0x08003b8a   Section       14  handlers.o(i.__scatterload_zeroinit)
    .data                                    0x20000000   Section        4  main.o(.data)
    .data                                    0x20000004   Section        8  can1.o(.data)
    .data                                    0x2000000c   Section       12  dbus.o(.data)
    .data                                    0x20000018   Section        4  timer4.o(.data)
    .data                                    0x2000001c   Section       28  usart.o(.data)
    count                                    0x2000001c   Data           1  usart.o(.data)
    i                                        0x2000001d   Data           1  usart.o(.data)
    ch                                       0x2000001e   Data           1  usart.o(.data)
    .data                                    0x20000038   Section        4  delay.o(.data)
    fac_us                                   0x20000038   Data           1  delay.o(.data)
    fac_ms                                   0x2000003a   Data           2  delay.o(.data)
    .data                                    0x2000003c   Section       16  stm32f4xx_rcc.o(.data)
    APBAHBPrescTable                         0x2000003c   Data          16  stm32f4xx_rcc.o(.data)
    .data                                    0x2000004c   Section       20  system_stm32f4xx.o(.data)
    .data                                    0x20000060   Section      224  chassispid.o(.data)
    .data                                    0x20000140   Section       56  chassispid.o(.data)
    .data                                    0x20000178   Section        4  control.o(.data)
    .bss                                     0x2000017c   Section       16  main.o(.bss)
    .bss                                     0x2000018c   Section       40  can1.o(.bss)
    .bss                                     0x200001b4   Section       72  can2.o(.bss)
    .bss                                     0x200001fc   Section       64  dbus.o(.bss)
    .bss                                     0x2000023c   Section       24  usart.o(.bss)
    posture                                  0x2000023c   Data          24  usart.o(.bss)
    .bss                                     0x20000254   Section       16  control.o(.bss)
    STACK                                    0x20000268   Section     2560  startup_stm32f4xx.o(STACK)

    Global Symbols

    Symbol Name                              Value     Ov Type        Size  Object(Section)

    BuildAttributes$$THM_ISAv4$E$P$D$K$B$S$7EM$VFPi3$EXTD16$VFPS$VFMA$PE$A:L22UL41UL21$X:L11$S22US41US21$IEEE1$IW$USESV6$~STKCKD$USESV7$~SHL$OTIME$ROPI$EBA8$MICROLIB$REQ8$PRES8$EABIv2 0x00000000   Number         0  anon$$obj.o ABSOLUTE
    __ARM_use_no_argv                        0x00000000   Number         0  main.o ABSOLUTE
    __cpp_initialize__aeabi_                  - Undefined Weak Reference
    __cxa_finalize                            - Undefined Weak Reference
    _clock_init                               - Undefined Weak Reference
    _microlib_exit                            - Undefined Weak Reference
    __Vectors_Size                           0x00000188   Number         0  startup_stm32f4xx.o ABSOLUTE
    __Vectors                                0x08000000   Data           4  startup_stm32f4xx.o(RESET)
    __Vectors_End                            0x08000188   Data           0  startup_stm32f4xx.o(RESET)
    __main                                   0x08000189   Thumb Code     0  entry.o(.ARM.Collect$$$$00000000)
    _main_stk                                0x08000189   Thumb Code     0  entry2.o(.ARM.Collect$$$$00000001)
    _main_scatterload                        0x0800018d   Thumb Code     0  entry5.o(.ARM.Collect$$$$00000004)
    __main_after_scatterload                 0x08000191   Thumb Code     0  entry5.o(.ARM.Collect$$$$00000004)
    _main_clock                              0x08000191   Thumb Code     0  entry7b.o(.ARM.Collect$$$$00000008)
    _main_cpp_init                           0x08000191   Thumb Code     0  entry8b.o(.ARM.Collect$$$$0000000A)
    _main_init                               0x08000191   Thumb Code     0  entry9a.o(.ARM.Collect$$$$0000000B)
    __rt_final_cpp                           0x08000199   Thumb Code     0  entry10a.o(.ARM.Collect$$$$0000000D)
    __rt_final_exit                          0x08000199   Thumb Code     0  entry11a.o(.ARM.Collect$$$$0000000F)
    BSP_Init                                 0x0800019d   Thumb Code    52  main.o(.text)
    main                                     0x080001d1   Thumb Code    44  main.o(.text)
    CAN1_Configuration                       0x08000205   Thumb Code   252  can1.o(.text)
    CAN1_TX_IRQHandler                       0x08000301   Thumb Code    30  can1.o(.text)
    GYRO_RST                                 0x0800031f   Thumb Code    84  can1.o(.text)
    CAN1_RX0_IRQHandler                      0x08000373   Thumb Code    74  can1.o(.text)
    UpDown_Platform                          0x080003bd   Thumb Code    42  can1.o(.text)
    CAN2_Configuration                       0x080003f9   Thumb Code   250  can2.o(.text)
    CAN2_TX_IRQHandler                       0x080004f3   Thumb Code    30  can2.o(.text)
    CAN2_RX0_IRQHandler                      0x08000511   Thumb Code   168  can2.o(.text)
    chassis_Data                             0x080005b9   Thumb Code    54  can2.o(.text)
    Dbus_config                              0x080005fd   Thumb Code   238  dbus.o(.text)
    DMA2_Stream2_IRQHandler                  0x080006eb   Thumb Code   552  dbus.o(.text)
    TIM3_Configuration                       0x08000939   Thumb Code    90  timer3.o(.text)
    TIM3_IRQHandler                          0x08000993   Thumb Code    38  timer3.o(.text)
    TIM4_Configuration                       0x080009bd   Thumb Code    88  timer4.o(.text)
    TIM4_IRQHandler                          0x08000a15   Thumb Code    64  timer4.o(.text)
    TIM7_Configuration                       0x08000a65   Thumb Code    88  timer7.o(.text)
    TIM7_IRQHandler                          0x08000abd   Thumb Code   238  timer7.o(.text)
    uart_init                                0x08000bd1   Thumb Code   168  usart.o(.text)
    USART3_IRQHandler                        0x08000c79   Thumb Code   186  usart.o(.text)
    delay_init                               0x08000d45   Thumb Code    38  delay.o(.text)
    delay_us                                 0x08000d6b   Thumb Code    46  delay.o(.text)
    delay_xms                                0x08000d99   Thumb Code    46  delay.o(.text)
    delay_ms                                 0x08000dc7   Thumb Code    50  delay.o(.text)
    Reset_Handler                            0x08000dfd   Thumb Code     8  startup_stm32f4xx.o(.text)
    SysTick_Handler                          0x08000e15   Thumb Code     2  startup_stm32f4xx.o(.text)
    ADC_IRQHandler                           0x08000e17   Thumb Code     0  startup_stm32f4xx.o(.text)
    CAN1_RX1_IRQHandler                      0x08000e17   Thumb Code     0  startup_stm32f4xx.o(.text)
    CAN1_SCE_IRQHandler                      0x08000e17   Thumb Code     0  startup_stm32f4xx.o(.text)
    CAN2_RX1_IRQHandler                      0x08000e17   Thumb Code     0  startup_stm32f4xx.o(.text)
    CAN2_SCE_IRQHandler                      0x08000e17   Thumb Code     0  startup_stm32f4xx.o(.text)
    CRYP_IRQHandler                          0x08000e17   Thumb Code     0  startup_stm32f4xx.o(.text)
    DCMI_IRQHandler                          0x08000e17   Thumb Code     0  startup_stm32f4xx.o(.text)
    DMA1_Stream0_IRQHandler                  0x08000e17   Thumb Code     0  startup_stm32f4xx.o(.text)
    DMA1_Stream1_IRQHandler                  0x08000e17   Thumb Code     0  startup_stm32f4xx.o(.text)
    DMA1_Stream2_IRQHandler                  0x08000e17   Thumb Code     0  startup_stm32f4xx.o(.text)
    DMA1_Stream3_IRQHandler                  0x08000e17   Thumb Code     0  startup_stm32f4xx.o(.text)
    DMA1_Stream4_IRQHandler                  0x08000e17   Thumb Code     0  startup_stm32f4xx.o(.text)
    DMA1_Stream5_IRQHandler                  0x08000e17   Thumb Code     0  startup_stm32f4xx.o(.text)
    DMA1_Stream6_IRQHandler                  0x08000e17   Thumb Code     0  startup_stm32f4xx.o(.text)
    DMA1_Stream7_IRQHandler                  0x08000e17   Thumb Code     0  startup_stm32f4xx.o(.text)
    DMA2_Stream0_IRQHandler                  0x08000e17   Thumb Code     0  startup_stm32f4xx.o(.text)
    DMA2_Stream1_IRQHandler                  0x08000e17   Thumb Code     0  startup_stm32f4xx.o(.text)
    DMA2_Stream3_IRQHandler                  0x08000e17   Thumb Code     0  startup_stm32f4xx.o(.text)
    DMA2_Stream4_IRQHandler                  0x08000e17   Thumb Code     0  startup_stm32f4xx.o(.text)
    DMA2_Stream5_IRQHandler                  0x08000e17   Thumb Code     0  startup_stm32f4xx.o(.text)
    DMA2_Stream6_IRQHandler                  0x08000e17   Thumb Code     0  startup_stm32f4xx.o(.text)
    DMA2_Stream7_IRQHandler                  0x08000e17   Thumb Code     0  startup_stm32f4xx.o(.text)
    ETH_IRQHandler                           0x08000e17   Thumb Code     0  startup_stm32f4xx.o(.text)
    ETH_WKUP_IRQHandler                      0x08000e17   Thumb Code     0  startup_stm32f4xx.o(.text)
    EXTI0_IRQHandler                         0x08000e17   Thumb Code     0  startup_stm32f4xx.o(.text)
    EXTI15_10_IRQHandler                     0x08000e17   Thumb Code     0  startup_stm32f4xx.o(.text)
    EXTI1_IRQHandler                         0x08000e17   Thumb Code     0  startup_stm32f4xx.o(.text)
    EXTI2_IRQHandler                         0x08000e17   Thumb Code     0  startup_stm32f4xx.o(.text)
    EXTI3_IRQHandler                         0x08000e17   Thumb Code     0  startup_stm32f4xx.o(.text)
    EXTI4_IRQHandler                         0x08000e17   Thumb Code     0  startup_stm32f4xx.o(.text)
    EXTI9_5_IRQHandler                       0x08000e17   Thumb Code     0  startup_stm32f4xx.o(.text)
    FLASH_IRQHandler                         0x08000e17   Thumb Code     0  startup_stm32f4xx.o(.text)
    FPU_IRQHandler                           0x08000e17   Thumb Code     0  startup_stm32f4xx.o(.text)
    FSMC_IRQHandler                          0x08000e17   Thumb Code     0  startup_stm32f4xx.o(.text)
    HASH_RNG_IRQHandler                      0x08000e17   Thumb Code     0  startup_stm32f4xx.o(.text)
    I2C1_ER_IRQHandler                       0x08000e17   Thumb Code     0  startup_stm32f4xx.o(.text)
    I2C1_EV_IRQHandler                       0x08000e17   Thumb Code     0  startup_stm32f4xx.o(.text)
    I2C2_ER_IRQHandler                       0x08000e17   Thumb Code     0  startup_stm32f4xx.o(.text)
    I2C2_EV_IRQHandler                       0x08000e17   Thumb Code     0  startup_stm32f4xx.o(.text)
    I2C3_ER_IRQHandler                       0x08000e17   Thumb Code     0  startup_stm32f4xx.o(.text)
    I2C3_EV_IRQHandler                       0x08000e17   Thumb Code     0  startup_stm32f4xx.o(.text)
    OTG_FS_IRQHandler                        0x08000e17   Thumb Code     0  startup_stm32f4xx.o(.text)
    OTG_FS_WKUP_IRQHandler                   0x08000e17   Thumb Code     0  startup_stm32f4xx.o(.text)
    OTG_HS_EP1_IN_IRQHandler                 0x08000e17   Thumb Code     0  startup_stm32f4xx.o(.text)
    OTG_HS_EP1_OUT_IRQHandler                0x08000e17   Thumb Code     0  startup_stm32f4xx.o(.text)
    OTG_HS_IRQHandler                        0x08000e17   Thumb Code     0  startup_stm32f4xx.o(.text)
    OTG_HS_WKUP_IRQHandler                   0x08000e17   Thumb Code     0  startup_stm32f4xx.o(.text)
    PVD_IRQHandler                           0x08000e17   Thumb Code     0  startup_stm32f4xx.o(.text)
    RCC_IRQHandler                           0x08000e17   Thumb Code     0  startup_stm32f4xx.o(.text)
    RTC_Alarm_IRQHandler                     0x08000e17   Thumb Code     0  startup_stm32f4xx.o(.text)
    RTC_WKUP_IRQHandler                      0x08000e17   Thumb Code     0  startup_stm32f4xx.o(.text)
    SDIO_IRQHandler                          0x08000e17   Thumb Code     0  startup_stm32f4xx.o(.text)
    SPI1_IRQHandler                          0x08000e17   Thumb Code     0  startup_stm32f4xx.o(.text)
    SPI2_IRQHandler                          0x08000e17   Thumb Code     0  startup_stm32f4xx.o(.text)
    SPI3_IRQHandler                          0x08000e17   Thumb Code     0  startup_stm32f4xx.o(.text)
    TAMP_STAMP_IRQHandler                    0x08000e17   Thumb Code     0  startup_stm32f4xx.o(.text)
    TIM1_BRK_TIM9_IRQHandler                 0x08000e17   Thumb Code     0  startup_stm32f4xx.o(.text)
    TIM1_CC_IRQHandler                       0x08000e17   Thumb Code     0  startup_stm32f4xx.o(.text)
    TIM1_TRG_COM_TIM11_IRQHandler            0x08000e17   Thumb Code     0  startup_stm32f4xx.o(.text)
    TIM1_UP_TIM10_IRQHandler                 0x08000e17   Thumb Code     0  startup_stm32f4xx.o(.text)
    TIM2_IRQHandler                          0x08000e17   Thumb Code     0  startup_stm32f4xx.o(.text)
    TIM5_IRQHandler                          0x08000e17   Thumb Code     0  startup_stm32f4xx.o(.text)
    TIM6_DAC_IRQHandler                      0x08000e17   Thumb Code     0  startup_stm32f4xx.o(.text)
    TIM8_BRK_TIM12_IRQHandler                0x08000e17   Thumb Code     0  startup_stm32f4xx.o(.text)
    TIM8_CC_IRQHandler                       0x08000e17   Thumb Code     0  startup_stm32f4xx.o(.text)
    TIM8_TRG_COM_TIM14_IRQHandler            0x08000e17   Thumb Code     0  startup_stm32f4xx.o(.text)
    TIM8_UP_TIM13_IRQHandler                 0x08000e17   Thumb Code     0  startup_stm32f4xx.o(.text)
    UART4_IRQHandler                         0x08000e17   Thumb Code     0  startup_stm32f4xx.o(.text)
    UART5_IRQHandler                         0x08000e17   Thumb Code     0  startup_stm32f4xx.o(.text)
    USART1_IRQHandler                        0x08000e17   Thumb Code     0  startup_stm32f4xx.o(.text)
    USART2_IRQHandler                        0x08000e17   Thumb Code     0  startup_stm32f4xx.o(.text)
    USART6_IRQHandler                        0x08000e17   Thumb Code     0  startup_stm32f4xx.o(.text)
    WWDG_IRQHandler                          0x08000e17   Thumb Code     0  startup_stm32f4xx.o(.text)
    NMI_Handler                              0x08000e21   Thumb Code     2  stm32f4xx_it.o(.text)
    HardFault_Handler                        0x08000e23   Thumb Code     2  stm32f4xx_it.o(.text)
    MemManage_Handler                        0x08000e25   Thumb Code     2  stm32f4xx_it.o(.text)
    BusFault_Handler                         0x08000e27   Thumb Code     2  stm32f4xx_it.o(.text)
    UsageFault_Handler                       0x08000e29   Thumb Code     2  stm32f4xx_it.o(.text)
    SVC_Handler                              0x08000e2b   Thumb Code     2  stm32f4xx_it.o(.text)
    DebugMon_Handler                         0x08000e2d   Thumb Code     2  stm32f4xx_it.o(.text)
    PendSV_Handler                           0x08000e2f   Thumb Code     2  stm32f4xx_it.o(.text)
    NVIC_PriorityGroupConfig                 0x08000e31   Thumb Code    10  misc.o(.text)
    NVIC_Init                                0x08000e3b   Thumb Code    98  misc.o(.text)
    NVIC_SetVectorTable                      0x08000e9d   Thumb Code    14  misc.o(.text)
    NVIC_SystemLPConfig                      0x08000eab   Thumb Code    24  misc.o(.text)
    SysTick_CLKSourceConfig                  0x08000ec3   Thumb Code    28  misc.o(.text)
    CAN_DeInit                               0x08000eed   Thumb Code    52  stm32f4xx_can.o(.text)
    CAN_Init                                 0x08000f21   Thumb Code   260  stm32f4xx_can.o(.text)
    CAN_FilterInit                           0x08001025   Thumb Code   202  stm32f4xx_can.o(.text)
    CAN_StructInit                           0x080010ef   Thumb Code    32  stm32f4xx_can.o(.text)
    CAN_SlaveStartBank                       0x0800110f   Thumb Code    38  stm32f4xx_can.o(.text)
    CAN_DBGFreeze                            0x08001135   Thumb Code    24  stm32f4xx_can.o(.text)
    CAN_TTComModeCmd                         0x0800114d   Thumb Code    96  stm32f4xx_can.o(.text)
    CAN_Transmit                             0x080011ad   Thumb Code   182  stm32f4xx_can.o(.text)
    CAN_TransmitStatus                       0x08001263   Thumb Code   150  stm32f4xx_can.o(.text)
    CAN_CancelTransmit                       0x080012f9   Thumb Code    42  stm32f4xx_can.o(.text)
    CAN_Receive                              0x08001323   Thumb Code   130  stm32f4xx_can.o(.text)
    CAN_FIFORelease                          0x080013a5   Thumb Code    24  stm32f4xx_can.o(.text)
    CAN_MessagePending                       0x080013bd   Thumb Code    28  stm32f4xx_can.o(.text)
    CAN_OperatingModeRequest                 0x080013d9   Thumb Code   154  stm32f4xx_can.o(.text)
    CAN_Sleep                                0x08001473   Thumb Code    30  stm32f4xx_can.o(.text)
    CAN_WakeUp                               0x08001491   Thumb Code    40  stm32f4xx_can.o(.text)
    CAN_GetLastErrorCode                     0x080014b9   Thumb Code    10  stm32f4xx_can.o(.text)
    CAN_GetReceiveErrorCounter               0x080014c3   Thumb Code     6  stm32f4xx_can.o(.text)
    CAN_GetLSBTransmitErrorCounter           0x080014c9   Thumb Code     8  stm32f4xx_can.o(.text)
    CAN_ITConfig                             0x080014d1   Thumb Code    20  stm32f4xx_can.o(.text)
    CAN_GetFlagStatus                        0x080014e5   Thumb Code    82  stm32f4xx_can.o(.text)
    CAN_ClearFlag                            0x08001537   Thumb Code    44  stm32f4xx_can.o(.text)
    CAN_GetITStatus                          0x0800156f   Thumb Code   172  stm32f4xx_can.o(.text)
    CAN_ClearITPendingBit                    0x0800161b   Thumb Code   132  stm32f4xx_can.o(.text)
    DMA_DeInit                               0x080016a9   Thumb Code   278  stm32f4xx_dma.o(.text)
    DMA_Init                                 0x080017bf   Thumb Code    80  stm32f4xx_dma.o(.text)
    DMA_StructInit                           0x0800180f   Thumb Code    34  stm32f4xx_dma.o(.text)
    DMA_Cmd                                  0x08001831   Thumb Code    24  stm32f4xx_dma.o(.text)
    DMA_PeriphIncOffsetSizeConfig            0x08001849   Thumb Code    24  stm32f4xx_dma.o(.text)
    DMA_FlowControllerConfig                 0x08001861   Thumb Code    24  stm32f4xx_dma.o(.text)
    DMA_SetCurrDataCounter                   0x08001879   Thumb Code     4  stm32f4xx_dma.o(.text)
    DMA_GetCurrDataCounter                   0x0800187d   Thumb Code     6  stm32f4xx_dma.o(.text)
    DMA_DoubleBufferModeConfig               0x08001883   Thumb Code    26  stm32f4xx_dma.o(.text)
    DMA_DoubleBufferModeCmd                  0x0800189d   Thumb Code    24  stm32f4xx_dma.o(.text)
    DMA_MemoryTargetConfig                   0x080018b5   Thumb Code    12  stm32f4xx_dma.o(.text)
    DMA_GetCurrentMemoryTarget               0x080018c1   Thumb Code    14  stm32f4xx_dma.o(.text)
    DMA_GetCmdStatus                         0x080018cf   Thumb Code    14  stm32f4xx_dma.o(.text)
    DMA_GetFIFOStatus                        0x080018dd   Thumb Code     8  stm32f4xx_dma.o(.text)
    DMA_GetFlagStatus                        0x080018e5   Thumb Code    42  stm32f4xx_dma.o(.text)
    DMA_ClearFlag                            0x0800190f   Thumb Code    34  stm32f4xx_dma.o(.text)
    DMA_ITConfig                             0x08001931   Thumb Code    50  stm32f4xx_dma.o(.text)
    DMA_GetITStatus                          0x08001963   Thumb Code    70  stm32f4xx_dma.o(.text)
    DMA_ClearITPendingBit                    0x080019a9   Thumb Code    34  stm32f4xx_dma.o(.text)
    GPIO_DeInit                              0x080019ed   Thumb Code   240  stm32f4xx_gpio.o(.text)
    GPIO_Init                                0x08001add   Thumb Code   124  stm32f4xx_gpio.o(.text)
    GPIO_StructInit                          0x08001b59   Thumb Code    18  stm32f4xx_gpio.o(.text)
    GPIO_PinLockConfig                       0x08001b6b   Thumb Code    26  stm32f4xx_gpio.o(.text)
    GPIO_ReadInputDataBit                    0x08001b85   Thumb Code    14  stm32f4xx_gpio.o(.text)
    GPIO_ReadInputData                       0x08001b93   Thumb Code     6  stm32f4xx_gpio.o(.text)
    GPIO_ReadOutputDataBit                   0x08001b99   Thumb Code    14  stm32f4xx_gpio.o(.text)
    GPIO_ReadOutputData                      0x08001ba7   Thumb Code     6  stm32f4xx_gpio.o(.text)
    GPIO_SetBits                             0x08001bad   Thumb Code     4  stm32f4xx_gpio.o(.text)
    GPIO_ResetBits                           0x08001bb1   Thumb Code     4  stm32f4xx_gpio.o(.text)
    GPIO_WriteBit                            0x08001bb5   Thumb Code    12  stm32f4xx_gpio.o(.text)
    GPIO_Write                               0x08001bc1   Thumb Code     4  stm32f4xx_gpio.o(.text)
    GPIO_ToggleBits                          0x08001bc5   Thumb Code     8  stm32f4xx_gpio.o(.text)
    GPIO_PinAFConfig                         0x08001bcd   Thumb Code    32  stm32f4xx_gpio.o(.text)
    RCC_DeInit                               0x08001c11   Thumb Code    48  stm32f4xx_rcc.o(.text)
    RCC_HSEConfig                            0x08001c41   Thumb Code    12  stm32f4xx_rcc.o(.text)
    RCC_GetFlagStatus                        0x08001c4d   Thumb Code    50  stm32f4xx_rcc.o(.text)
    RCC_WaitForHSEStartUp                    0x08001c7f   Thumb Code    48  stm32f4xx_rcc.o(.text)
    RCC_AdjustHSICalibrationValue            0x08001caf   Thumb Code    16  stm32f4xx_rcc.o(.text)
    RCC_HSICmd                               0x08001cbf   Thumb Code     6  stm32f4xx_rcc.o(.text)
    RCC_LSEConfig                            0x08001cc5   Thumb Code    30  stm32f4xx_rcc.o(.text)
    RCC_LSICmd                               0x08001ce3   Thumb Code     6  stm32f4xx_rcc.o(.text)
    RCC_PLLConfig                            0x08001ce9   Thumb Code    34  stm32f4xx_rcc.o(.text)
    RCC_PLLCmd                               0x08001d0b   Thumb Code     6  stm32f4xx_rcc.o(.text)
    RCC_PLLI2SConfig                         0x08001d11   Thumb Code    14  stm32f4xx_rcc.o(.text)
    RCC_PLLI2SCmd                            0x08001d1f   Thumb Code     6  stm32f4xx_rcc.o(.text)
    RCC_ClockSecuritySystemCmd               0x08001d25   Thumb Code     6  stm32f4xx_rcc.o(.text)
    RCC_MCO1Config                           0x08001d2b   Thumb Code    18  stm32f4xx_rcc.o(.text)
    RCC_MCO2Config                           0x08001d3d   Thumb Code    18  stm32f4xx_rcc.o(.text)
    RCC_SYSCLKConfig                         0x08001d4f   Thumb Code    16  stm32f4xx_rcc.o(.text)
    RCC_GetSYSCLKSource                      0x08001d5f   Thumb Code    12  stm32f4xx_rcc.o(.text)
    RCC_HCLKConfig                           0x08001d6b   Thumb Code    16  stm32f4xx_rcc.o(.text)
    RCC_PCLK1Config                          0x08001d7b   Thumb Code    16  stm32f4xx_rcc.o(.text)
    RCC_PCLK2Config                          0x08001d8b   Thumb Code    18  stm32f4xx_rcc.o(.text)
    RCC_GetClocksFreq                        0x08001d9d   Thumb Code   150  stm32f4xx_rcc.o(.text)
    RCC_RTCCLKConfig                         0x08001e33   Thumb Code    42  stm32f4xx_rcc.o(.text)
    RCC_RTCCLKCmd                            0x08001e5d   Thumb Code     8  stm32f4xx_rcc.o(.text)
    RCC_BackupResetCmd                       0x08001e65   Thumb Code     8  stm32f4xx_rcc.o(.text)
    RCC_I2SCLKConfig                         0x08001e6d   Thumb Code     6  stm32f4xx_rcc.o(.text)
    RCC_AHB1PeriphClockCmd                   0x08001e73   Thumb Code    24  stm32f4xx_rcc.o(.text)
    RCC_AHB2PeriphClockCmd                   0x08001e8b   Thumb Code    24  stm32f4xx_rcc.o(.text)
    RCC_AHB3PeriphClockCmd                   0x08001ea3   Thumb Code    24  stm32f4xx_rcc.o(.text)
    RCC_APB1PeriphClockCmd                   0x08001ebb   Thumb Code    24  stm32f4xx_rcc.o(.text)
    RCC_APB2PeriphClockCmd                   0x08001ed3   Thumb Code    24  stm32f4xx_rcc.o(.text)
    RCC_AHB1PeriphResetCmd                   0x08001eeb   Thumb Code    24  stm32f4xx_rcc.o(.text)
    RCC_AHB2PeriphResetCmd                   0x08001f03   Thumb Code    24  stm32f4xx_rcc.o(.text)
    RCC_AHB3PeriphResetCmd                   0x08001f1b   Thumb Code    24  stm32f4xx_rcc.o(.text)
    RCC_APB1PeriphResetCmd                   0x08001f33   Thumb Code    24  stm32f4xx_rcc.o(.text)
    RCC_APB2PeriphResetCmd                   0x08001f4b   Thumb Code    24  stm32f4xx_rcc.o(.text)
    RCC_AHB1PeriphClockLPModeCmd             0x08001f63   Thumb Code    24  stm32f4xx_rcc.o(.text)
    RCC_AHB2PeriphClockLPModeCmd             0x08001f7b   Thumb Code    24  stm32f4xx_rcc.o(.text)
    RCC_AHB3PeriphClockLPModeCmd             0x08001f93   Thumb Code    24  stm32f4xx_rcc.o(.text)
    RCC_APB1PeriphClockLPModeCmd             0x08001fab   Thumb Code    24  stm32f4xx_rcc.o(.text)
    RCC_APB2PeriphClockLPModeCmd             0x08001fc3   Thumb Code    24  stm32f4xx_rcc.o(.text)
    RCC_ITConfig                             0x08001fdb   Thumb Code    66  stm32f4xx_rcc.o(.text)
    RCC_ClearFlag                            0x0800201d   Thumb Code    12  stm32f4xx_rcc.o(.text)
    RCC_GetITStatus                          0x08002029   Thumb Code    18  stm32f4xx_rcc.o(.text)
    RCC_ClearITPendingBit                    0x0800203b   Thumb Code     8  stm32f4xx_rcc.o(.text)
    TIM_DeInit                               0x08002049   Thumb Code   376  stm32f4xx_tim.o(.text)
    TIM_TimeBaseInit                         0x080021c1   Thumb Code    96  stm32f4xx_tim.o(.text)
    TIM_TimeBaseStructInit                   0x08002221   Thumb Code    18  stm32f4xx_tim.o(.text)
    TIM_PrescalerConfig                      0x08002233   Thumb Code     6  stm32f4xx_tim.o(.text)
    TIM_CounterModeConfig                    0x08002239   Thumb Code    12  stm32f4xx_tim.o(.text)
    TIM_SetCounter                           0x08002245   Thumb Code     4  stm32f4xx_tim.o(.text)
    TIM_SetAutoreload                        0x08002249   Thumb Code     4  stm32f4xx_tim.o(.text)
    TIM_GetCounter                           0x0800224d   Thumb Code     4  stm32f4xx_tim.o(.text)
    TIM_GetPrescaler                         0x08002251   Thumb Code     4  stm32f4xx_tim.o(.text)
    TIM_UpdateDisableConfig                  0x08002255   Thumb Code    24  stm32f4xx_tim.o(.text)
    TIM_UpdateRequestConfig                  0x0800226d   Thumb Code    24  stm32f4xx_tim.o(.text)
    TIM_ARRPreloadConfig                     0x08002285   Thumb Code    24  stm32f4xx_tim.o(.text)
    TIM_SelectOnePulseMode                   0x0800229d   Thumb Code    16  stm32f4xx_tim.o(.text)
    TIM_SetClockDivision                     0x080022ad   Thumb Code    16  stm32f4xx_tim.o(.text)
    TIM_Cmd                                  0x080022bd   Thumb Code    24  stm32f4xx_tim.o(.text)
    TIM_OC1Init                              0x080022d5   Thumb Code    96  stm32f4xx_tim.o(.text)
    TIM_OC2Init                              0x08002335   Thumb Code   128  stm32f4xx_tim.o(.text)
    TIM_OC3Init                              0x080023b5   Thumb Code   176  stm32f4xx_tim.o(.text)
    TIM_OC4Init                              0x08002465   Thumb Code    92  stm32f4xx_tim.o(.text)
    TIM_OCStructInit                         0x080024c1   Thumb Code    20  stm32f4xx_tim.o(.text)
    TIM_SelectOCxM                           0x080024d5   Thumb Code    80  stm32f4xx_tim.o(.text)
    TIM_SetCompare1                          0x08002525   Thumb Code     4  stm32f4xx_tim.o(.text)
    TIM_SetCompare2                          0x08002529   Thumb Code     4  stm32f4xx_tim.o(.text)
    TIM_SetCompare3                          0x0800252d   Thumb Code     4  stm32f4xx_tim.o(.text)
    TIM_SetCompare4                          0x08002531   Thumb Code     4  stm32f4xx_tim.o(.text)
    TIM_ForcedOC1Config                      0x08002535   Thumb Code    12  stm32f4xx_tim.o(.text)
    TIM_ForcedOC2Config                      0x08002541   Thumb Code    20  stm32f4xx_tim.o(.text)
    TIM_ForcedOC3Config                      0x08002555   Thumb Code    12  stm32f4xx_tim.o(.text)
    TIM_ForcedOC4Config                      0x08002561   Thumb Code    20  stm32f4xx_tim.o(.text)
    TIM_OC1PreloadConfig                     0x08002575   Thumb Code    12  stm32f4xx_tim.o(.text)
    TIM_OC2PreloadConfig                     0x08002581   Thumb Code    20  stm32f4xx_tim.o(.text)
    TIM_OC3PreloadConfig                     0x08002595   Thumb Code    12  stm32f4xx_tim.o(.text)
    TIM_OC4PreloadConfig                     0x080025a1   Thumb Code    20  stm32f4xx_tim.o(.text)
    TIM_OC1FastConfig                        0x080025b5   Thumb Code    12  stm32f4xx_tim.o(.text)
    TIM_OC2FastConfig                        0x080025c1   Thumb Code    20  stm32f4xx_tim.o(.text)
    TIM_OC3FastConfig                        0x080025d5   Thumb Code    12  stm32f4xx_tim.o(.text)
    TIM_OC4FastConfig                        0x080025e1   Thumb Code    20  stm32f4xx_tim.o(.text)
    TIM_ClearOC1Ref                          0x080025f5   Thumb Code    12  stm32f4xx_tim.o(.text)
    TIM_ClearOC2Ref                          0x08002601   Thumb Code    20  stm32f4xx_tim.o(.text)
    TIM_ClearOC3Ref                          0x08002615   Thumb Code    12  stm32f4xx_tim.o(.text)
    TIM_ClearOC4Ref                          0x08002621   Thumb Code    20  stm32f4xx_tim.o(.text)
    TIM_OC1PolarityConfig                    0x08002635   Thumb Code    12  stm32f4xx_tim.o(.text)
    TIM_OC1NPolarityConfig                   0x08002641   Thumb Code    12  stm32f4xx_tim.o(.text)
    TIM_OC2PolarityConfig                    0x0800264d   Thumb Code    20  stm32f4xx_tim.o(.text)
    TIM_OC2NPolarityConfig                   0x08002661   Thumb Code    20  stm32f4xx_tim.o(.text)
    TIM_OC3PolarityConfig                    0x08002675   Thumb Code    20  stm32f4xx_tim.o(.text)
    TIM_OC3NPolarityConfig                   0x08002689   Thumb Code    20  stm32f4xx_tim.o(.text)
    TIM_OC4PolarityConfig                    0x0800269d   Thumb Code    20  stm32f4xx_tim.o(.text)
    TIM_CCxCmd                               0x080026b1   Thumb Code    22  stm32f4xx_tim.o(.text)
    TIM_CCxNCmd                              0x080026c7   Thumb Code    22  stm32f4xx_tim.o(.text)
    TIM_SetIC4Prescaler                      0x080026dd   Thumb Code    24  stm32f4xx_tim.o(.text)
    TIM_SetIC3Prescaler                      0x0800272b   Thumb Code    16  stm32f4xx_tim.o(.text)
    TIM_SetIC2Prescaler                      0x0800276d   Thumb Code    24  stm32f4xx_tim.o(.text)
    TIM_SetIC1Prescaler                      0x080027bb   Thumb Code    16  stm32f4xx_tim.o(.text)
    TIM_ICInit                               0x080027f9   Thumb Code    90  stm32f4xx_tim.o(.text)
    TIM_ICStructInit                         0x08002853   Thumb Code    16  stm32f4xx_tim.o(.text)
    TIM_PWMIConfig                           0x08002863   Thumb Code   116  stm32f4xx_tim.o(.text)
    TIM_GetCapture1                          0x080028d7   Thumb Code     4  stm32f4xx_tim.o(.text)
    TIM_GetCapture2                          0x080028db   Thumb Code     4  stm32f4xx_tim.o(.text)
    TIM_GetCapture3                          0x080028df   Thumb Code     4  stm32f4xx_tim.o(.text)
    TIM_GetCapture4                          0x080028e3   Thumb Code     4  stm32f4xx_tim.o(.text)
    TIM_BDTRConfig                           0x080028e7   Thumb Code    34  stm32f4xx_tim.o(.text)
    TIM_BDTRStructInit                       0x08002909   Thumb Code    18  stm32f4xx_tim.o(.text)
    TIM_CtrlPWMOutputs                       0x0800291b   Thumb Code    28  stm32f4xx_tim.o(.text)
    TIM_SelectCOM                            0x08002937   Thumb Code    24  stm32f4xx_tim.o(.text)
    TIM_CCPreloadControl                     0x0800294f   Thumb Code    24  stm32f4xx_tim.o(.text)
    TIM_ITConfig                             0x08002967   Thumb Code    20  stm32f4xx_tim.o(.text)
    TIM_GenerateEvent                        0x0800297b   Thumb Code     4  stm32f4xx_tim.o(.text)
    TIM_GetFlagStatus                        0x0800297f   Thumb Code    14  stm32f4xx_tim.o(.text)
    TIM_ClearFlag                            0x0800298d   Thumb Code     6  stm32f4xx_tim.o(.text)
    TIM_GetITStatus                          0x08002993   Thumb Code    24  stm32f4xx_tim.o(.text)
    TIM_ClearITPendingBit                    0x080029ab   Thumb Code     6  stm32f4xx_tim.o(.text)
    TIM_DMAConfig                            0x080029b1   Thumb Code     8  stm32f4xx_tim.o(.text)
    TIM_DMACmd                               0x080029b9   Thumb Code    20  stm32f4xx_tim.o(.text)
    TIM_SelectCCDMA                          0x080029cd   Thumb Code    24  stm32f4xx_tim.o(.text)
    TIM_InternalClockConfig                  0x080029e5   Thumb Code    10  stm32f4xx_tim.o(.text)
    TIM_SelectInputTrigger                   0x080029ef   Thumb Code    12  stm32f4xx_tim.o(.text)
    TIM_ITRxExternalClockConfig              0x080029fb   Thumb Code    20  stm32f4xx_tim.o(.text)
    TIM_TIxExternalClockConfig               0x08002a0f   Thumb Code    48  stm32f4xx_tim.o(.text)
    TIM_ETRConfig                            0x08002a3f   Thumb Code    24  stm32f4xx_tim.o(.text)
    TIM_ETRClockMode1Config                  0x08002a57   Thumb Code    32  stm32f4xx_tim.o(.text)
    TIM_ETRClockMode2Config                  0x08002a77   Thumb Code    20  stm32f4xx_tim.o(.text)
    TIM_SelectOutputTrigger                  0x08002a8b   Thumb Code    16  stm32f4xx_tim.o(.text)
    TIM_SelectSlaveMode                      0x08002a9b   Thumb Code    16  stm32f4xx_tim.o(.text)
    TIM_SelectMasterSlaveMode                0x08002aab   Thumb Code    16  stm32f4xx_tim.o(.text)
    TIM_EncoderInterfaceConfig               0x08002abb   Thumb Code    50  stm32f4xx_tim.o(.text)
    TIM_SelectHallSensor                     0x08002aed   Thumb Code    24  stm32f4xx_tim.o(.text)
    TIM_RemapConfig                          0x08002b05   Thumb Code     6  stm32f4xx_tim.o(.text)
    USART_DeInit                             0x08002b0d   Thumb Code   168  stm32f4xx_usart.o(.text)
    USART_Init                               0x08002bb5   Thumb Code   180  stm32f4xx_usart.o(.text)
    USART_StructInit                         0x08002c69   Thumb Code    22  stm32f4xx_usart.o(.text)
    USART_ClockInit                          0x08002c7f   Thumb Code    28  stm32f4xx_usart.o(.text)
    USART_ClockStructInit                    0x08002c9b   Thumb Code    12  stm32f4xx_usart.o(.text)
    USART_Cmd                                0x08002ca7   Thumb Code    24  stm32f4xx_usart.o(.text)
    USART_SetPrescaler                       0x08002cbf   Thumb Code    16  stm32f4xx_usart.o(.text)
    USART_OverSampling8Cmd                   0x08002ccf   Thumb Code    24  stm32f4xx_usart.o(.text)
    USART_OneBitMethodCmd                    0x08002ce7   Thumb Code    24  stm32f4xx_usart.o(.text)
    USART_SendData                           0x08002cff   Thumb Code     8  stm32f4xx_usart.o(.text)
    USART_ReceiveData                        0x08002d07   Thumb Code     8  stm32f4xx_usart.o(.text)
    USART_SetAddress                         0x08002d0f   Thumb Code    16  stm32f4xx_usart.o(.text)
    USART_ReceiverWakeUpCmd                  0x08002d1f   Thumb Code    24  stm32f4xx_usart.o(.text)
    USART_WakeUpConfig                       0x08002d37   Thumb Code    16  stm32f4xx_usart.o(.text)
    USART_LINBreakDetectLengthConfig         0x08002d47   Thumb Code    16  stm32f4xx_usart.o(.text)
    USART_LINCmd                             0x08002d57   Thumb Code    24  stm32f4xx_usart.o(.text)
    USART_SendBreak                          0x08002d6f   Thumb Code    10  stm32f4xx_usart.o(.text)
    USART_HalfDuplexCmd                      0x08002d79   Thumb Code    24  stm32f4xx_usart.o(.text)
    USART_SetGuardTime                       0x08002d91   Thumb Code    16  stm32f4xx_usart.o(.text)
    USART_SmartCardCmd                       0x08002da1   Thumb Code    24  stm32f4xx_usart.o(.text)
    USART_SmartCardNACKCmd                   0x08002db9   Thumb Code    24  stm32f4xx_usart.o(.text)
    USART_IrDAConfig                         0x08002dd1   Thumb Code    16  stm32f4xx_usart.o(.text)
    USART_IrDACmd                            0x08002de1   Thumb Code    24  stm32f4xx_usart.o(.text)
    USART_DMACmd                             0x08002df9   Thumb Code    20  stm32f4xx_usart.o(.text)
    USART_ITConfig                           0x08002e0d   Thumb Code    54  stm32f4xx_usart.o(.text)
    USART_GetFlagStatus                      0x08002e43   Thumb Code    14  stm32f4xx_usart.o(.text)
    USART_ClearFlag                          0x08002e51   Thumb Code     8  stm32f4xx_usart.o(.text)
    USART_GetITStatus                        0x08002e59   Thumb Code    64  stm32f4xx_usart.o(.text)
    USART_ClearITPendingBit                  0x08002e99   Thumb Code    16  stm32f4xx_usart.o(.text)
    SystemInit                               0x08002f69   Thumb Code    74  system_stm32f4xx.o(.text)
    SystemCoreClockUpdate                    0x08002fb3   Thumb Code   122  system_stm32f4xx.o(.text)
    PidCalc                                  0x08003055   Thumb Code   136  chassispid.o(.text)
    Curve1                                   0x080030dd   Thumb Code   898  chassispid.o(.text)
    updownplatform_control                   0x08003485   Thumb Code    18  control.o(.text)
    chassiscontrol                           0x08003497   Thumb Code   346  control.o(.text)
    __aeabi_dadd                             0x08003609   Thumb Code   322  dadd.o(.text)
    __aeabi_dsub                             0x0800374b   Thumb Code     6  dadd.o(.text)
    __aeabi_drsub                            0x08003751   Thumb Code     6  dadd.o(.text)
    __aeabi_dmul                             0x08003757   Thumb Code   228  dmul.o(.text)
    __aeabi_ddiv                             0x0800383b   Thumb Code   222  ddiv.o(.text)
    __aeabi_f2d                              0x08003919   Thumb Code    38  f2d.o(.text)
    __aeabi_d2f                              0x0800393f   Thumb Code    56  d2f.o(.text)
    __aeabi_llsl                             0x08003977   Thumb Code    30  llshl.o(.text)
    _ll_shift_l                              0x08003977   Thumb Code     0  llshl.o(.text)
    __aeabi_lasr                             0x08003995   Thumb Code    36  llsshr.o(.text)
    _ll_sshift_r                             0x08003995   Thumb Code     0  llsshr.o(.text)
    __I$use$fp                               0x080039b9   Thumb Code     0  iusefp.o(.text)
    _float_round                             0x080039b9   Thumb Code    18  fepilogue.o(.text)
    _float_epilogue                          0x080039cb   Thumb Code    92  fepilogue.o(.text)
    _double_round                            0x08003a27   Thumb Code    30  depilogue.o(.text)
    _double_epilogue                         0x08003a45   Thumb Code   156  depilogue.o(.text)
    __scatterload                            0x08003ae1   Thumb Code    28  init.o(.text)
    __scatterload_rt2                        0x08003ae1   Thumb Code     0  init.o(.text)
    __aeabi_llsr                             0x08003b05   Thumb Code    32  llushr.o(.text)
    _ll_ushift_r                             0x08003b05   Thumb Code     0  llushr.o(.text)
    __decompress                             0x08003b25   Thumb Code     0  __dczerorl2.o(.text)
    __decompress1                            0x08003b25   Thumb Code    86  __dczerorl2.o(.text)
    __scatterload_copy                       0x08003b7b   Thumb Code    14  handlers.o(i.__scatterload_copy)
    __scatterload_null                       0x08003b89   Thumb Code     2  handlers.o(i.__scatterload_null)
    __scatterload_zeroinit                   0x08003b8b   Thumb Code    14  handlers.o(i.__scatterload_zeroinit)
    Region$$Table$$Base                      0x08003b98   Number         0  anon$$obj.o(Region$$Table)
    Region$$Table$$Limit                     0x08003bb8   Number         0  anon$$obj.o(Region$$Table)
    UpDownPlatform_data                      0x20000000   Data           4  main.o(.data)
    UpDownPlatform_Motor                     0x20000004   Data           8  can1.o(.data)
    forwardback_order                        0x2000000c   Data           2  dbus.o(.data)
    leftright_order                          0x2000000e   Data           2  dbus.o(.data)
    rotation_order                           0x20000010   Data           2  dbus.o(.data)
    updown_order                             0x20000012   Data           2  dbus.o(.data)
    dbus_time                                0x20000014   Data           4  dbus.o(.data)
    time4_now                                0x20000018   Data           4  timer4.o(.data)
    pos_x                                    0x20000020   Data           4  usart.o(.data)
    pos_y                                    0x20000024   Data           4  usart.o(.data)
    zangle                                   0x20000028   Data           4  usart.o(.data)
    xangle                                   0x2000002c   Data           4  usart.o(.data)
    yangle                                   0x20000030   Data           4  usart.o(.data)
    w_z                                      0x20000034   Data           4  usart.o(.data)
    SystemCoreClock                          0x2000004c   Data           4  system_stm32f4xx.o(.data)
    AHBPrescTable                            0x20000050   Data          16  system_stm32f4xx.o(.data)
    chassispid                               0x20000060   Data         224  chassispid.o(.data)
    updownplatformpid                        0x20000140   Data          56  chassispid.o(.data)
    updownplatform_data_order                0x20000178   Data           4  control.o(.data)
    chassis_data                             0x2000017c   Data          16  main.o(.bss)
    can1_rx_message                          0x2000018c   Data          20  can1.o(.bss)
    can1_tx_message                          0x200001a0   Data          20  can1.o(.bss)
    can2_rx_message                          0x200001b4   Data          20  can2.o(.bss)
    can2_tx_message                          0x200001c8   Data          20  can2.o(.bss)
    motordata                                0x200001dc   Data          32  can2.o(.bss)
    sbus_rx_buffer                           0x200001fc   Data          18  dbus.o(.bss)
    sbus_decode_buffer                       0x2000020e   Data          30  dbus.o(.bss)
    subus_decode_keboard_buffer              0x2000022c   Data          16  dbus.o(.bss)
    chassis_data_order                       0x20000254   Data          16  control.o(.bss)
    __initial_sp                             0x20000c68   Data           0  startup_stm32f4xx.o(STACK)



==============================================================================

Memory Map of the image

  Image Entry point : 0x08000189

  Load Region LR_IROM1 (Base: 0x08000000, Size: 0x00003d34, Max: 0x00100000, ABSOLUTE, COMPRESSED[0x00003be8])

    Execution Region ER_IROM1 (Base: 0x08000000, Size: 0x00003bb8, Max: 0x00100000, ABSOLUTE)

    Base Addr    Size         Type   Attr      Idx    E Section Name        Object

    0x08000000   0x00000188   Data   RO          443    RESET               startup_stm32f4xx.o
    0x08000188   0x00000000   Code   RO          944  * .ARM.Collect$$$$00000000  mc_w.l(entry.o)
    0x08000188   0x00000004   Code   RO          957    .ARM.Collect$$$$00000001  mc_w.l(entry2.o)
    0x0800018c   0x00000004   Code   RO          960    .ARM.Collect$$$$00000004  mc_w.l(entry5.o)
    0x08000190   0x00000000   Code   RO          962    .ARM.Collect$$$$00000008  mc_w.l(entry7b.o)
    0x08000190   0x00000000   Code   RO          964    .ARM.Collect$$$$0000000A  mc_w.l(entry8b.o)
    0x08000190   0x00000008   Code   RO          965    .ARM.Collect$$$$0000000B  mc_w.l(entry9a.o)
    0x08000198   0x00000000   Code   RO          967    .ARM.Collect$$$$0000000D  mc_w.l(entry10a.o)
    0x08000198   0x00000000   Code   RO          969    .ARM.Collect$$$$0000000F  mc_w.l(entry11a.o)
    0x08000198   0x00000004   Code   RO          958    .ARM.Collect$$$$00002712  mc_w.l(entry2.o)
    0x0800019c   0x00000068   Code   RO            3    .text               main.o
    0x08000204   0x000001f4   Code   RO          135    .text               can1.o
    0x080003f8   0x00000204   Code   RO          166    .text               can2.o
    0x080005fc   0x0000033c   Code   RO          192    .text               dbus.o
    0x08000938   0x00000084   Code   RO          244    .text               timer3.o
    0x080009bc   0x000000a8   Code   RO          267    .text               timer4.o
    0x08000a64   0x0000016c   Code   RO          293    .text               timer7.o
    0x08000bd0   0x00000174   Code   RO          319    .text               usart.o
    0x08000d44   0x000000b8   Code   RO          415    .text               delay.o
    0x08000dfc   0x00000024   Code   RO          444    .text               startup_stm32f4xx.o
    0x08000e20   0x00000010   Code   RO          450    .text               stm32f4xx_it.o
    0x08000e30   0x000000bc   Code   RO          473    .text               misc.o
    0x08000eec   0x000007bc   Code   RO          542    .text               stm32f4xx_can.o
    0x080016a8   0x00000344   Code   RO          611    .text               stm32f4xx_dma.o
    0x080019ec   0x00000224   Code   RO          680    .text               stm32f4xx_gpio.o
    0x08001c10   0x00000438   Code   RO          726    .text               stm32f4xx_rcc.o
    0x08002048   0x00000ac2   Code   RO          797    .text               stm32f4xx_tim.o
    0x08002b0a   0x00000002   PAD
    0x08002b0c   0x000003b4   Code   RO          820    .text               stm32f4xx_usart.o
    0x08002ec0   0x00000194   Code   RO          843    .text               system_stm32f4xx.o
    0x08003054   0x00000430   Code   RO          892    .text               chassispid.o
    0x08003484   0x00000184   Code   RO          919    .text               control.o
    0x08003608   0x0000014e   Code   RO          947    .text               mf_w.l(dadd.o)
    0x08003756   0x000000e4   Code   RO          949    .text               mf_w.l(dmul.o)
    0x0800383a   0x000000de   Code   RO          951    .text               mf_w.l(ddiv.o)
    0x08003918   0x00000026   Code   RO          953    .text               mf_w.l(f2d.o)
    0x0800393e   0x00000038   Code   RO          955    .text               mf_w.l(d2f.o)
    0x08003976   0x0000001e   Code   RO          971    .text               mc_w.l(llshl.o)
    0x08003994   0x00000024   Code   RO          973    .text               mc_w.l(llsshr.o)
    0x080039b8   0x00000000   Code   RO          975    .text               mc_w.l(iusefp.o)
    0x080039b8   0x0000006e   Code   RO          976    .text               mf_w.l(fepilogue.o)
    0x08003a26   0x000000ba   Code   RO          978    .text               mf_w.l(depilogue.o)
    0x08003ae0   0x00000024   Code   RO          980    .text               mc_w.l(init.o)
    0x08003b04   0x00000020   Code   RO          982    .text               mc_w.l(llushr.o)
    0x08003b24   0x00000056   Code   RO          992    .text               mc_w.l(__dczerorl2.o)
    0x08003b7a   0x0000000e   Code   RO          986    i.__scatterload_copy  mc_w.l(handlers.o)
    0x08003b88   0x00000002   Code   RO          987    i.__scatterload_null  mc_w.l(handlers.o)
    0x08003b8a   0x0000000e   Code   RO          988    i.__scatterload_zeroinit  mc_w.l(handlers.o)
    0x08003b98   0x00000020   Data   RO          984    Region$$Table       anon$$obj.o


    Execution Region RW_IRAM1 (Base: 0x20000000, Size: 0x00000c68, Max: 0x00020000, ABSOLUTE, COMPRESSED[0x00000030])

    Base Addr    Size         Type   Attr      Idx    E Section Name        Object

    0x20000000   0x00000004   Data   RW            5    .data               main.o
    0x20000004   0x00000008   Data   RW          137    .data               can1.o
    0x2000000c   0x0000000c   Data   RW          196    .data               dbus.o
    0x20000018   0x00000004   Data   RW          268    .data               timer4.o
    0x2000001c   0x0000001c   Data   RW          322    .data               usart.o
    0x20000038   0x00000004   Data   RW          416    .data               delay.o
    0x2000003c   0x00000010   Data   RW          727    .data               stm32f4xx_rcc.o
    0x2000004c   0x00000014   Data   RW          844    .data               system_stm32f4xx.o
    0x20000060   0x000000e0   Data   RW          893    .data               chassispid.o
    0x20000140   0x00000038   Data   RW          894    .data               chassispid.o
    0x20000178   0x00000004   Data   RW          921    .data               control.o
    0x2000017c   0x00000010   Zero   RW            4    .bss                main.o
    0x2000018c   0x00000028   Zero   RW          136    .bss                can1.o
    0x200001b4   0x00000048   Zero   RW          167    .bss                can2.o
    0x200001fc   0x00000040   Zero   RW          193    .bss                dbus.o
    0x2000023c   0x00000018   Zero   RW          321    .bss                usart.o
    0x20000254   0x00000010   Zero   RW          920    .bss                control.o
    0x20000264   0x00000004   PAD
    0x20000268   0x00000a00   Zero   RW          441    STACK               startup_stm32f4xx.o


==============================================================================

Image component sizes


      Code (inc. data)   RO Data    RW Data    ZI Data      Debug   Object Name

       500         18          0          8         40       1992   can1.o
       516         14          0          0         72       1993   can2.o
      1072         38          0        280          0       2756   chassispid.o
       388         24          0          4         16       1515   control.o
       828         38          0         12         64       2125   dbus.o
       184          4          0          4          0       1489   delay.o
       104          8          0          4         16     267227   main.o
       188         14          0          0          0     211037   misc.o
        36          8        392          0       2560        824   startup_stm32f4xx.o
      1980         44          0          0          0      17272   stm32f4xx_can.o
       836         34          0          0          0      19489   stm32f4xx_dma.o
       548         36          0          0          0      10913   stm32f4xx_gpio.o
        16          0          0          0          0       1122   stm32f4xx_it.o
      1080         48          0         16          0      24603   stm32f4xx_rcc.o
      2754         60          0          0          0      44540   stm32f4xx_tim.o
       948         24          0          0          0      14548   stm32f4xx_usart.o
         0          0          0          0          0     220236   sys.o
       404         40          0         20          0       1963   system_stm32f4xx.o
       132          4          0          0          0        709   timer3.o
       168         16          0          4          0        893   timer4.o
       364         38          0          0          0        769   timer7.o
       372         24          0         28         24       1851   usart.o

    ----------------------------------------------------------------------
     13420        534        424        380       2796     849866   Object Totals
         0          0         32          0          0          0   (incl. Generated)
         2          0          0          0          4          0   (incl. Padding)

    ----------------------------------------------------------------------

      Code (inc. data)   RO Data    RW Data    ZI Data      Debug   Library Member Name

        86          0          0          0          0          0   __dczerorl2.o
         0          0          0          0          0          0   entry.o
         0          0          0          0          0          0   entry10a.o
         0          0          0          0          0          0   entry11a.o
         8          4          0          0          0          0   entry2.o
         4          0          0          0          0          0   entry5.o
         0          0          0          0          0          0   entry7b.o
         0          0          0          0          0          0   entry8b.o
         8          4          0          0          0          0   entry9a.o
        30          0          0          0          0          0   handlers.o
        36          8          0          0          0         68   init.o
         0          0          0          0          0          0   iusefp.o
        30          0          0          0          0         68   llshl.o
        36          0          0          0          0         68   llsshr.o
        32          0          0          0          0         68   llushr.o
        56          0          0          0          0         88   d2f.o
       334          0          0          0          0        148   dadd.o
       222          0          0          0          0        100   ddiv.o
       186          0          0          0          0        176   depilogue.o
       228          0          0          0          0         96   dmul.o
        38          0          0          0          0         68   f2d.o
       110          0          0          0          0        168   fepilogue.o

    ----------------------------------------------------------------------
      1444         16          0          0          0       1116   Library Totals
         0          0          0          0          0          0   (incl. Padding)

    ----------------------------------------------------------------------

      Code (inc. data)   RO Data    RW Data    ZI Data      Debug   Library Name

       270         16          0          0          0        272   mc_w.l
      1174          0          0          0          0        844   mf_w.l

    ----------------------------------------------------------------------
      1444         16          0          0          0       1116   Library Totals

    ----------------------------------------------------------------------

==============================================================================


      Code (inc. data)   RO Data    RW Data    ZI Data      Debug   

     14864        550        424        380       2796     846850   Grand Totals
     14864        550        424         48       2796     846850   ELF Image Totals (compressed)
     14864        550        424         48          0          0   ROM Totals

==============================================================================

    Total RO  Size (Code + RO Data)                15288 (  14.93kB)
    Total RW  Size (RW Data + ZI Data)              3176 (   3.10kB)
    Total ROM Size (Code + RO Data + RW Data)      15336 (  14.98kB)

==============================================================================

